[2025-12-13 16:40:17 +0000] [958412] [INFO] Starting gunicorn 20.1.0
[2025-12-13 16:40:17 +0000] [958412] [INFO] Listening at: unix:/var/www/gitanshuimpex/gitanshuimpex.sock (958412)
[2025-12-13 16:40:17 +0000] [958412] [INFO] Using worker: gthread
[2025-12-13 16:40:17 +0000] [958413] [INFO] Booting worker with pid: 958413
[2025-12-13 16:40:17 +0000] [958413] [ERROR] Exception in worker process
Traceback (most recent call last):
  File "/home/gitanshuimpex/venv/lib/python3.9/site-packages/gunicorn/arbiter.py", line 589, in spawn_worker
    worker.init_process()
  File "/home/gitanshuimpex/venv/lib/python3.9/site-packages/gunicorn/workers/gthread.py", line 92, in init_process
    super().init_process()
  File "/home/gitanshuimpex/venv/lib/python3.9/site-packages/gunicorn/workers/base.py", line 134, in init_process
    self.load_wsgi()
  File "/home/gitanshuimpex/venv/lib/python3.9/site-packages/gunicorn/workers/base.py", line 146, in load_wsgi
    self.wsgi = self.app.wsgi()
  File "/home/gitanshuimpex/venv/lib/python3.9/site-packages/gunicorn/app/base.py", line 67, in wsgi
    self.callable = self.load()
  File "/home/gitanshuimpex/venv/lib/python3.9/site-packages/gunicorn/app/wsgiapp.py", line 58, in load
    return self.load_wsgiapp()
  File "/home/gitanshuimpex/venv/lib/python3.9/site-packages/gunicorn/app/wsgiapp.py", line 48, in load_wsgiapp
    return util.import_app(self.app_uri)
  File "/home/gitanshuimpex/venv/lib/python3.9/site-packages/gunicorn/util.py", line 359, in import_app
    mod = importlib.import_module(module)
  File "/usr/lib/python3.9/importlib/__init__.py", line 127, in import_module
    return _bootstrap._gcd_import(name[level:], package, level)
  File "<frozen importlib._bootstrap>", line 1030, in _gcd_import
  File "<frozen importlib._bootstrap>", line 1007, in _find_and_load
  File "<frozen importlib._bootstrap>", line 972, in _find_and_load_unlocked
  File "<frozen importlib._bootstrap>", line 228, in _call_with_frames_removed
  File "<frozen importlib._bootstrap>", line 1030, in _gcd_import
  File "<frozen importlib._bootstrap>", line 1007, in _find_and_load
  File "<frozen importlib._bootstrap>", line 984, in _find_and_load_unlocked
ModuleNotFoundError: No module named 'gitanshuimpex'
[2025-12-13 16:40:17 +0000] [958413] [INFO] Worker exiting (pid: 958413)
[2025-12-13 16:40:17 +0000] [958414] [INFO] Booting worker with pid: 958414
[2025-12-13 16:40:17 +0000] [958414] [ERROR] Exception in worker process
Traceback (most recent call last):
  File "/home/gitanshuimpex/venv/lib/python3.9/site-packages/gunicorn/arbiter.py", line 589, in spawn_worker
    worker.init_process()
  File "/home/gitanshuimpex/venv/lib/python3.9/site-packages/gunicorn/workers/gthread.py", line 92, in init_process
    super().init_process()
  File "/home/gitanshuimpex/venv/lib/python3.9/site-packages/gunicorn/workers/base.py", line 134, in init_process
    self.load_wsgi()
  File "/home/gitanshuimpex/venv/lib/python3.9/site-packages/gunicorn/workers/base.py", line 146, in load_wsgi
    self.wsgi = self.app.wsgi()
  File "/home/gitanshuimpex/venv/lib/python3.9/site-packages/gunicorn/app/base.py", line 67, in wsgi
    self.callable = self.load()
  File "/home/gitanshuimpex/venv/lib/python3.9/site-packages/gunicorn/app/wsgiapp.py", line 58, in load
    return self.load_wsgiapp()
  File "/home/gitanshuimpex/venv/lib/python3.9/site-packages/gunicorn/app/wsgiapp.py", line 48, in load_wsgiapp
    return util.import_app(self.app_uri)
  File "/home/gitanshuimpex/venv/lib/python3.9/site-packages/gunicorn/util.py", line 359, in import_app
    mod = importlib.import_module(module)
  File "/usr/lib/python3.9/importlib/__init__.py", line 127, in import_module
    return _bootstrap._gcd_import(name[level:], package, level)
  File "<frozen importlib._bootstrap>", line 1030, in _gcd_import
  File "<frozen importlib._bootstrap>", line 1007, in _find_and_load
  File "<frozen importlib._bootstrap>", line 972, in _find_and_load_unlocked
  File "<frozen importlib._bootstrap>", line 228, in _call_with_frames_removed
  File "<frozen importlib._bootstrap>", line 1030, in _gcd_import
  File "<frozen importlib._bootstrap>", line 1007, in _find_and_load
  File "<frozen importlib._bootstrap>", line 984, in _find_and_load_unlocked
ModuleNotFoundError: No module named 'gitanshuimpex'
[2025-12-13 16:40:17 +0000] [958414] [INFO] Worker exiting (pid: 958414)
[2025-12-13 16:40:17 +0000] [958412] [WARNING] Worker with pid 958414 was terminated due to signal 15
[2025-12-13 16:40:17 +0000] [958412] [INFO] Shutting down: Master
[2025-12-13 16:40:17 +0000] [958412] [INFO] Reason: Worker failed to boot.
[2025-12-13 16:41:20 +0000] [958437] [INFO] Starting gunicorn 20.1.0
[2025-12-13 16:41:20 +0000] [958437] [INFO] Listening at: unix:/var/www/gitanshuimpex/gitanshuimpex.sock (958437)
[2025-12-13 16:41:20 +0000] [958437] [INFO] Using worker: gthread
[2025-12-13 16:41:20 +0000] [958438] [INFO] Booting worker with pid: 958438
[2025-12-13 16:41:20 +0000] [958438] [ERROR] Exception in worker process
Traceback (most recent call last):
  File "/home/gitanshuimpex/venv/lib/python3.9/site-packages/gunicorn/arbiter.py", line 589, in spawn_worker
    worker.init_process()
  File "/home/gitanshuimpex/venv/lib/python3.9/site-packages/gunicorn/workers/gthread.py", line 92, in init_process
    super().init_process()
  File "/home/gitanshuimpex/venv/lib/python3.9/site-packages/gunicorn/workers/base.py", line 134, in init_process
    self.load_wsgi()
  File "/home/gitanshuimpex/venv/lib/python3.9/site-packages/gunicorn/workers/base.py", line 146, in load_wsgi
    self.wsgi = self.app.wsgi()
  File "/home/gitanshuimpex/venv/lib/python3.9/site-packages/gunicorn/app/base.py", line 67, in wsgi
    self.callable = self.load()
  File "/home/gitanshuimpex/venv/lib/python3.9/site-packages/gunicorn/app/wsgiapp.py", line 58, in load
    return self.load_wsgiapp()
  File "/home/gitanshuimpex/venv/lib/python3.9/site-packages/gunicorn/app/wsgiapp.py", line 48, in load_wsgiapp
    return util.import_app(self.app_uri)
  File "/home/gitanshuimpex/venv/lib/python3.9/site-packages/gunicorn/util.py", line 359, in import_app
    mod = importlib.import_module(module)
  File "/usr/lib/python3.9/importlib/__init__.py", line 127, in import_module
    return _bootstrap._gcd_import(name[level:], package, level)
  File "<frozen importlib._bootstrap>", line 1030, in _gcd_import
  File "<frozen importlib._bootstrap>", line 1007, in _find_and_load
  File "<frozen importlib._bootstrap>", line 972, in _find_and_load_unlocked
  File "<frozen importlib._bootstrap>", line 228, in _call_with_frames_removed
  File "<frozen importlib._bootstrap>", line 1030, in _gcd_import
  File "<frozen importlib._bootstrap>", line 1007, in _find_and_load
  File "<frozen importlib._bootstrap>", line 984, in _find_and_load_unlocked
ModuleNotFoundError: No module named 'gitanshuimpex'
[2025-12-13 16:41:20 +0000] [958438] [INFO] Worker exiting (pid: 958438)
[2025-12-13 16:41:20 +0000] [958437] [INFO] Shutting down: Master
[2025-12-13 16:41:20 +0000] [958437] [INFO] Reason: Worker failed to boot.
[2025-12-13 16:42:37 +0000] [958462] [INFO] Starting gunicorn 20.1.0
[2025-12-13 16:42:37 +0000] [958462] [INFO] Listening at: unix:/var/www/gitanshuimpex/gitanshuimpex.sock (958462)
[2025-12-13 16:42:37 +0000] [958462] [INFO] Using worker: gthread
[2025-12-13 16:42:37 +0000] [958463] [INFO] Booting worker with pid: 958463
[2025-12-13 16:42:37 +0000] [958464] [INFO] Booting worker with pid: 958464
[2025-12-13 16:42:37 +0000] [958465] [INFO] Booting worker with pid: 958465
[2025-12-13 16:48:11 +0000] [958462] [INFO] Handling signal: int
[2025-12-13 16:48:12 +0000] [958464] [INFO] Worker exiting (pid: 958464)
[2025-12-13 16:48:12 +0000] [958465] [INFO] Worker exiting (pid: 958465)
[2025-12-13 16:48:12 +0000] [958462] [INFO] Shutting down: Master
[2025-12-13 17:18:49 +0000] [959005] [INFO] Starting gunicorn 20.1.0
[2025-12-13 17:18:49 +0000] [959005] [ERROR] Retrying in 1 second.
[2025-12-13 17:18:50 +0000] [959005] [ERROR] Retrying in 1 second.
[2025-12-13 17:18:51 +0000] [959005] [ERROR] Retrying in 1 second.
[2025-12-13 17:18:52 +0000] [959005] [ERROR] Retrying in 1 second.
[2025-12-13 17:18:53 +0000] [959005] [ERROR] Retrying in 1 second.
[2025-12-13 17:18:54 +0000] [959005] [ERROR] Can't connect to /run/gitanshuimpex.sock
[2025-12-13 17:23:11 +0000] [959067] [INFO] Starting gunicorn 20.1.0
[2025-12-13 17:23:11 +0000] [959067] [INFO] Listening at: unix:gitanshuimpex.sock (959067)
[2025-12-13 17:23:11 +0000] [959067] [INFO] Using worker: gthread
[2025-12-13 17:23:11 +0000] [959068] [INFO] Booting worker with pid: 959068
[2025-12-13 17:23:11 +0000] [959069] [INFO] Booting worker with pid: 959069
[2025-12-13 17:23:11 +0000] [959070] [INFO] Booting worker with pid: 959070
[2025-12-13 17:27:46 +0000] [959067] [INFO] Handling signal: int
[2025-12-13 17:27:46 +0000] [959069] [INFO] Worker exiting (pid: 959069)
[2025-12-13 17:27:46 +0000] [959070] [INFO] Worker exiting (pid: 959070)
[2025-12-13 17:27:46 +0000] [959067] [INFO] Shutting down: Master
[2025-12-13 17:40:16 +0000] [959597] [INFO] Starting gunicorn 20.1.0
[2025-12-13 17:40:16 +0000] [959597] [INFO] Listening at: unix:gitanshuimpex.sock (959597)
[2025-12-13 17:40:16 +0000] [959597] [INFO] Using worker: gthread
[2025-12-13 17:40:16 +0000] [959598] [INFO] Booting worker with pid: 959598
[2025-12-13 17:40:16 +0000] [959599] [INFO] Booting worker with pid: 959599
[2025-12-13 17:40:16 +0000] [959600] [INFO] Booting worker with pid: 959600
[2025-12-13 17:40:24 +0000] [959597] [INFO] Handling signal: int
[2025-12-13 17:40:24 +0000] [959599] [INFO] Worker exiting (pid: 959599)
[2025-12-13 17:40:24 +0000] [959598] [INFO] Worker exiting (pid: 959598)
[2025-12-13 17:40:25 +0000] [959597] [INFO] Shutting down: Master
[2025-12-13 17:42:09 +0000] [959634] [INFO] Starting gunicorn 20.1.0
[2025-12-13 17:42:09 +0000] [959634] [INFO] Listening at: unix:gitanshuimpex.sock (959634)
[2025-12-13 17:42:09 +0000] [959634] [INFO] Using worker: gthread
[2025-12-13 17:42:09 +0000] [959645] [INFO] Booting worker with pid: 959645
[2025-12-13 17:42:09 +0000] [959646] [INFO] Booting worker with pid: 959646
[2025-12-13 17:42:09 +0000] [959647] [INFO] Booting worker with pid: 959647
[2025-12-13 17:42:22 +0000] [959634] [INFO] Handling signal: term
[2025-12-13 17:42:23 +0000] [959646] [INFO] Worker exiting (pid: 959646)
[2025-12-13 17:42:23 +0000] [959645] [INFO] Worker exiting (pid: 959645)
[2025-12-13 17:42:23 +0000] [959647] [INFO] Worker exiting (pid: 959647)
[2025-12-13 17:42:23 +0000] [959634] [INFO] Shutting down: Master
[2025-12-13 17:42:24 +0000] [959677] [INFO] Starting gunicorn 20.1.0
[2025-12-13 17:42:24 +0000] [959677] [INFO] Listening at: unix:gitanshuimpex.sock (959677)
[2025-12-13 17:42:24 +0000] [959677] [INFO] Using worker: gthread
[2025-12-13 17:42:24 +0000] [959686] [INFO] Booting worker with pid: 959686
[2025-12-13 17:42:24 +0000] [959687] [INFO] Booting worker with pid: 959687
[2025-12-13 17:42:24 +0000] [959688] [INFO] Booting worker with pid: 959688
[2025-12-27 19:21:41 +0000] [959677] [INFO] Handling signal: term
[2025-12-27 19:21:42 +0000] [959688] [INFO] Worker exiting (pid: 959688)
[2025-12-27 19:21:43 +0000] [959686] [INFO] Worker exiting (pid: 959686)
[2025-12-27 19:21:43 +0000] [959687] [INFO] Worker exiting (pid: 959687)
[2025-12-27 19:21:57 +0000] [959677] [INFO] Shutting down: Master
[2026-03-14 12:29:37 +0000] [1931414] [INFO] Starting gunicorn 20.1.0
[2026-03-14 12:29:37 +0000] [1931414] [INFO] Listening at: unix:gitanshuimpex.sock (1931414)
[2026-03-14 12:29:37 +0000] [1931414] [INFO] Using worker: gthread
[2026-03-14 12:29:37 +0000] [1931425] [INFO] Booting worker with pid: 1931425
[2026-03-14 12:29:37 +0000] [1931426] [INFO] Booting worker with pid: 1931426
[2026-03-14 12:29:37 +0000] [1931427] [INFO] Booting worker with pid: 1931427
[2026-03-14 16:14:38 +0000] [1931426] [ERROR] Socket error processing request.
Traceback (most recent call last):
  File "/var/www/gitanshuimpex/venv/lib/python3.9/site-packages/django/db/backends/utils.py", line 89, in _execute
  File "/var/www/gitanshuimpex/venv/lib/python3.9/site-packages/django/db/backends/sqlite3/base.py", line 328, in execute
sqlite3.OperationalError: no such table: gipl_app_carouselitem

The above exception was the direct cause of the following exception:

Traceback (most recent call last):
  File "/var/www/gitanshuimpex/venv/lib/python3.9/site-packages/django/core/handlers/exception.py", line 55, in inner
  File "/var/www/gitanshuimpex/venv/lib/python3.9/site-packages/django/core/handlers/base.py", line 197, in _get_response
  File "/var/www/gitanshuimpex/gipl_app/views.py", line 14, in home
    # If on the main domain (gitanshuimpex.com), fetch ALL categories
  File "/var/www/gitanshuimpex/venv/lib/python3.9/site-packages/django/shortcuts.py", line 24, in render
  File "/var/www/gitanshuimpex/venv/lib/python3.9/site-packages/django/template/loader.py", line 62, in render_to_string
  File "/var/www/gitanshuimpex/venv/lib/python3.9/site-packages/django/template/backends/django.py", line 61, in render
  File "/var/www/gitanshuimpex/venv/lib/python3.9/site-packages/django/template/base.py", line 175, in render
  File "/var/www/gitanshuimpex/venv/lib/python3.9/site-packages/django/template/base.py", line 167, in _render
  File "/var/www/gitanshuimpex/venv/lib/python3.9/site-packages/django/template/base.py", line 1005, in render
  File "/var/www/gitanshuimpex/venv/lib/python3.9/site-packages/django/template/base.py", line 1005, in <listcomp>
  File "/var/www/gitanshuimpex/venv/lib/python3.9/site-packages/django/template/base.py", line 966, in render_annotated
  File "/var/www/gitanshuimpex/venv/lib/python3.9/site-packages/django/template/loader_tags.py", line 157, in render
  File "/var/www/gitanshuimpex/venv/lib/python3.9/site-packages/django/template/base.py", line 167, in _render
  File "/var/www/gitanshuimpex/venv/lib/python3.9/site-packages/django/template/base.py", line 1005, in render
  File "/var/www/gitanshuimpex/venv/lib/python3.9/site-packages/django/template/base.py", line 1005, in <listcomp>
  File "/var/www/gitanshuimpex/venv/lib/python3.9/site-packages/django/template/base.py", line 966, in render_annotated
  File "/var/www/gitanshuimpex/venv/lib/python3.9/site-packages/django/template/loader_tags.py", line 63, in render
  File "/var/www/gitanshuimpex/venv/lib/python3.9/site-packages/django/template/base.py", line 1005, in render
  File "/var/www/gitanshuimpex/venv/lib/python3.9/site-packages/django/template/base.py", line 1005, in <listcomp>
  File "/var/www/gitanshuimpex/venv/lib/python3.9/site-packages/django/template/base.py", line 966, in render_annotated
  File "/var/www/gitanshuimpex/venv/lib/python3.9/site-packages/django/template/defaulttags.py", line 194, in render
  File "/var/www/gitanshuimpex/venv/lib/python3.9/site-packages/django/db/models/query.py", line 380, in __len__
  File "/var/www/gitanshuimpex/venv/lib/python3.9/site-packages/django/db/models/query.py", line 1881, in _fetch_all
  File "/var/www/gitanshuimpex/venv/lib/python3.9/site-packages/django/db/models/query.py", line 91, in __iter__
  File "/var/www/gitanshuimpex/venv/lib/python3.9/site-packages/django/db/models/sql/compiler.py", line 1560, in execute_sql
  File "/var/www/gitanshuimpex/venv/lib/python3.9/site-packages/django/db/backends/utils.py", line 102, in execute
  File "/var/www/gitanshuimpex/venv/lib/python3.9/site-packages/django/db/backends/utils.py", line 67, in execute
  File "/var/www/gitanshuimpex/venv/lib/python3.9/site-packages/django/db/backends/utils.py", line 80, in _execute_with_wrappers
  File "/var/www/gitanshuimpex/venv/lib/python3.9/site-packages/django/db/backends/utils.py", line 89, in _execute
  File "/var/www/gitanshuimpex/venv/lib/python3.9/site-packages/django/db/utils.py", line 91, in __exit__
  File "/var/www/gitanshuimpex/venv/lib/python3.9/site-packages/django/db/backends/utils.py", line 89, in _execute
  File "/var/www/gitanshuimpex/venv/lib/python3.9/site-packages/django/db/backends/sqlite3/base.py", line 328, in execute
django.db.utils.OperationalError: no such table: gipl_app_carouselitem

During handling of the above exception, another exception occurred:

Traceback (most recent call last):
  File "/var/www/gitanshuimpex/venv/lib/python3.9/site-packages/django/core/handlers/exception.py", line 55, in inner
  File "/var/www/gitanshuimpex/venv/lib/python3.9/site-packages/django/utils/deprecation.py", line 134, in __call__
  File "/var/www/gitanshuimpex/venv/lib/python3.9/site-packages/django/core/handlers/exception.py", line 57, in inner
  File "/var/www/gitanshuimpex/venv/lib/python3.9/site-packages/django/core/handlers/exception.py", line 140, in response_for_exception
  File "/var/www/gitanshuimpex/venv/lib/python3.9/site-packages/django/core/handlers/exception.py", line 181, in handle_uncaught_exception
  File "/var/www/gitanshuimpex/venv/lib/python3.9/site-packages/django/views/debug.py", line 67, in technical_500_response
  File "/var/www/gitanshuimpex/venv/lib/python3.9/site-packages/django/views/debug.py", line 408, in get_traceback_html
  File "/usr/lib/python3.9/pathlib.py", line 1242, in open
    return io.open(self, mode, buffering, encoding, errors, newline,
  File "/usr/lib/python3.9/pathlib.py", line 1110, in _opener
    return self._accessor.open(self, flags, mode)
FileNotFoundError: [Errno 2] No such file or directory: '/var/www/gitanshuimpex/venv/lib/python3.9/site-packages/django/views/templates/technical_500.html'

During handling of the above exception, another exception occurred:

Traceback (most recent call last):
  File "/var/www/gitanshuimpex/venv/lib/python3.9/site-packages/django/core/handlers/exception.py", line 55, in inner
  File "/var/www/gitanshuimpex/venv/lib/python3.9/site-packages/whitenoise/middleware.py", line 123, in __call__
  File "/var/www/gitanshuimpex/venv/lib/python3.9/site-packages/django/core/handlers/exception.py", line 57, in inner
  File "/var/www/gitanshuimpex/venv/lib/python3.9/site-packages/django/core/handlers/exception.py", line 140, in response_for_exception
  File "/var/www/gitanshuimpex/venv/lib/python3.9/site-packages/django/core/handlers/exception.py", line 181, in handle_uncaught_exception
  File "/var/www/gitanshuimpex/venv/lib/python3.9/site-packages/django/views/debug.py", line 67, in technical_500_response
  File "/var/www/gitanshuimpex/venv/lib/python3.9/site-packages/django/views/debug.py", line 408, in get_traceback_html
  File "/usr/lib/python3.9/pathlib.py", line 1242, in open
    return io.open(self, mode, buffering, encoding, errors, newline,
  File "/usr/lib/python3.9/pathlib.py", line 1110, in _opener
    return self._accessor.open(self, flags, mode)
FileNotFoundError: [Errno 2] No such file or directory: '/var/www/gitanshuimpex/venv/lib/python3.9/site-packages/django/views/templates/technical_500.html'

During handling of the above exception, another exception occurred:

Traceback (most recent call last):
  File "/var/www/gitanshuimpex/venv/lib/python3.9/site-packages/django/core/handlers/exception.py", line 55, in inner
  File "/var/www/gitanshuimpex/venv/lib/python3.9/site-packages/django/utils/deprecation.py", line 134, in __call__
  File "/var/www/gitanshuimpex/venv/lib/python3.9/site-packages/django/core/handlers/exception.py", line 57, in inner
  File "/var/www/gitanshuimpex/venv/lib/python3.9/site-packages/django/core/handlers/exception.py", line 140, in response_for_exception
  File "/var/www/gitanshuimpex/venv/lib/python3.9/site-packages/django/core/handlers/exception.py", line 181, in handle_uncaught_exception
  File "/var/www/gitanshuimpex/venv/lib/python3.9/site-packages/django/views/debug.py", line 67, in technical_500_response
  File "/var/www/gitanshuimpex/venv/lib/python3.9/site-packages/django/views/debug.py", line 408, in get_traceback_html
  File "/usr/lib/python3.9/pathlib.py", line 1242, in open
    return io.open(self, mode, buffering, encoding, errors, newline,
  File "/usr/lib/python3.9/pathlib.py", line 1110, in _opener
    return self._accessor.open(self, flags, mode)
FileNotFoundError: [Errno 2] No such file or directory: '/var/www/gitanshuimpex/venv/lib/python3.9/site-packages/django/views/templates/technical_500.html'

During handling of the above exception, another exception occurred:

Traceback (most recent call last):
  File "/var/www/gitanshuimpex/venv/lib/python3.9/site-packages/django/core/handlers/exception.py", line 55, in inner
  File "/var/www/gitanshuimpex/venv/lib/python3.9/site-packages/django/utils/deprecation.py", line 134, in __call__
  File "/var/www/gitanshuimpex/venv/lib/python3.9/site-packages/django/core/handlers/exception.py", line 57, in inner
  File "/var/www/gitanshuimpex/venv/lib/python3.9/site-packages/django/core/handlers/exception.py", line 140, in response_for_exception
  File "/var/www/gitanshuimpex/venv/lib/python3.9/site-packages/django/core/handlers/exception.py", line 181, in handle_uncaught_exception
  File "/var/www/gitanshuimpex/venv/lib/python3.9/site-packages/django/views/debug.py", line 67, in technical_500_response
  File "/var/www/gitanshuimpex/venv/lib/python3.9/site-packages/django/views/debug.py", line 408, in get_traceback_html
  File "/usr/lib/python3.9/pathlib.py", line 1242, in open
    return io.open(self, mode, buffering, encoding, errors, newline,
  File "/usr/lib/python3.9/pathlib.py", line 1110, in _opener
    return self._accessor.open(self, flags, mode)
FileNotFoundError: [Errno 2] No such file or directory: '/var/www/gitanshuimpex/venv/lib/python3.9/site-packages/django/views/templates/technical_500.html'

During handling of the above exception, another exception occurred:

Traceback (most recent call last):
  File "/var/www/gitanshuimpex/venv/lib/python3.9/site-packages/django/core/handlers/exception.py", line 55, in inner
  File "/var/www/gitanshuimpex/venv/lib/python3.9/site-packages/django/utils/deprecation.py", line 134, in __call__
  File "/var/www/gitanshuimpex/venv/lib/python3.9/site-packages/django/core/handlers/exception.py", line 57, in inner
  File "/var/www/gitanshuimpex/venv/lib/python3.9/site-packages/django/core/handlers/exception.py", line 140, in response_for_exception
  File "/var/www/gitanshuimpex/venv/lib/python3.9/site-packages/django/core/handlers/exception.py", line 181, in handle_uncaught_exception
  File "/var/www/gitanshuimpex/venv/lib/python3.9/site-packages/django/views/debug.py", line 67, in technical_500_response
  File "/var/www/gitanshuimpex/venv/lib/python3.9/site-packages/django/views/debug.py", line 408, in get_traceback_html
  File "/usr/lib/python3.9/pathlib.py", line 1242, in open
    return io.open(self, mode, buffering, encoding, errors, newline,
  File "/usr/lib/python3.9/pathlib.py", line 1110, in _opener
    return self._accessor.open(self, flags, mode)
FileNotFoundError: [Errno 2] No such file or directory: '/var/www/gitanshuimpex/venv/lib/python3.9/site-packages/django/views/templates/technical_500.html'

During handling of the above exception, another exception occurred:

Traceback (most recent call last):
  File "/var/www/gitanshuimpex/venv/lib/python3.9/site-packages/django/core/handlers/exception.py", line 55, in inner
  File "/var/www/gitanshuimpex/venv/lib/python3.9/site-packages/django/utils/deprecation.py", line 134, in __call__
  File "/var/www/gitanshuimpex/venv/lib/python3.9/site-packages/django/core/handlers/exception.py", line 57, in inner
  File "/var/www/gitanshuimpex/venv/lib/python3.9/site-packages/django/core/handlers/exception.py", line 140, in response_for_exception
  File "/var/www/gitanshuimpex/venv/lib/python3.9/site-packages/django/core/handlers/exception.py", line 181, in handle_uncaught_exception
  File "/var/www/gitanshuimpex/venv/lib/python3.9/site-packages/django/views/debug.py", line 67, in technical_500_response
  File "/var/www/gitanshuimpex/venv/lib/python3.9/site-packages/django/views/debug.py", line 408, in get_traceback_html
  File "/usr/lib/python3.9/pathlib.py", line 1242, in open
    return io.open(self, mode, buffering, encoding, errors, newline,
  File "/usr/lib/python3.9/pathlib.py", line 1110, in _opener
    return self._accessor.open(self, flags, mode)
FileNotFoundError: [Errno 2] No such file or directory: '/var/www/gitanshuimpex/venv/lib/python3.9/site-packages/django/views/templates/technical_500.html'

During handling of the above exception, another exception occurred:

Traceback (most recent call last):
  File "/var/www/gitanshuimpex/venv/lib/python3.9/site-packages/django/core/handlers/exception.py", line 55, in inner
  File "/var/www/gitanshuimpex/venv/lib/python3.9/site-packages/django/utils/deprecation.py", line 134, in __call__
  File "/var/www/gitanshuimpex/venv/lib/python3.9/site-packages/django/core/handlers/exception.py", line 57, in inner
  File "/var/www/gitanshuimpex/venv/lib/python3.9/site-packages/django/core/handlers/exception.py", line 140, in response_for_exception
  File "/var/www/gitanshuimpex/venv/lib/python3.9/site-packages/django/core/handlers/exception.py", line 181, in handle_uncaught_exception
  File "/var/www/gitanshuimpex/venv/lib/python3.9/site-packages/django/views/debug.py", line 67, in technical_500_response
  File "/var/www/gitanshuimpex/venv/lib/python3.9/site-packages/django/views/debug.py", line 408, in get_traceback_html
  File "/usr/lib/python3.9/pathlib.py", line 1242, in open
    return io.open(self, mode, buffering, encoding, errors, newline,
  File "/usr/lib/python3.9/pathlib.py", line 1110, in _opener
    return self._accessor.open(self, flags, mode)
FileNotFoundError: [Errno 2] No such file or directory: '/var/www/gitanshuimpex/venv/lib/python3.9/site-packages/django/views/templates/technical_500.html'

During handling of the above exception, another exception occurred:

Traceback (most recent call last):
  File "/var/www/gitanshuimpex/venv/lib/python3.9/site-packages/django/core/handlers/exception.py", line 55, in inner
  File "/var/www/gitanshuimpex/venv/lib/python3.9/site-packages/django/utils/deprecation.py", line 134, in __call__
  File "/var/www/gitanshuimpex/venv/lib/python3.9/site-packages/django/core/handlers/exception.py", line 57, in inner
  File "/var/www/gitanshuimpex/venv/lib/python3.9/site-packages/django/core/handlers/exception.py", line 140, in response_for_exception
  File "/var/www/gitanshuimpex/venv/lib/python3.9/site-packages/django/core/handlers/exception.py", line 181, in handle_uncaught_exception
  File "/var/www/gitanshuimpex/venv/lib/python3.9/site-packages/django/views/debug.py", line 67, in technical_500_response
  File "/var/www/gitanshuimpex/venv/lib/python3.9/site-packages/django/views/debug.py", line 408, in get_traceback_html
  File "/usr/lib/python3.9/pathlib.py", line 1242, in open
    return io.open(self, mode, buffering, encoding, errors, newline,
  File "/usr/lib/python3.9/pathlib.py", line 1110, in _opener
    return self._accessor.open(self, flags, mode)
FileNotFoundError: [Errno 2] No such file or directory: '/var/www/gitanshuimpex/venv/lib/python3.9/site-packages/django/views/templates/technical_500.html'

During handling of the above exception, another exception occurred:

Traceback (most recent call last):
  File "/var/www/gitanshuimpex/venv/lib/python3.9/site-packages/gunicorn/workers/gthread.py", line 271, in handle
  File "/var/www/gitanshuimpex/venv/lib/python3.9/site-packages/gunicorn/workers/gthread.py", line 343, in handle_request
  File "/var/www/gitanshuimpex/venv/lib/python3.9/site-packages/gunicorn/util.py", line 626, in reraise
  File "/var/www/gitanshuimpex/venv/lib/python3.9/site-packages/gunicorn/workers/gthread.py", line 323, in handle_request
  File "/var/www/gitanshuimpex/venv/lib/python3.9/site-packages/django/core/handlers/wsgi.py", line 124, in __call__
  File "/var/www/gitanshuimpex/venv/lib/python3.9/site-packages/django/core/handlers/base.py", line 140, in get_response
  File "/var/www/gitanshuimpex/venv/lib/python3.9/site-packages/django/core/handlers/exception.py", line 57, in inner
  File "/var/www/gitanshuimpex/venv/lib/python3.9/site-packages/django/core/handlers/exception.py", line 140, in response_for_exception
  File "/var/www/gitanshuimpex/venv/lib/python3.9/site-packages/django/core/handlers/exception.py", line 181, in handle_uncaught_exception
  File "/var/www/gitanshuimpex/venv/lib/python3.9/site-packages/django/views/debug.py", line 67, in technical_500_response
  File "/var/www/gitanshuimpex/venv/lib/python3.9/site-packages/django/views/debug.py", line 408, in get_traceback_html
  File "/usr/lib/python3.9/pathlib.py", line 1242, in open
    return io.open(self, mode, buffering, encoding, errors, newline,
  File "/usr/lib/python3.9/pathlib.py", line 1110, in _opener
    return self._accessor.open(self, flags, mode)
FileNotFoundError: [Errno 2] No such file or directory: '/var/www/gitanshuimpex/venv/lib/python3.9/site-packages/django/views/templates/technical_500.html'
[2026-03-14 16:15:51 +0000] [1931414] [INFO] Handling signal: term
[2026-03-14 16:15:51 +0000] [1931427] [INFO] Worker exiting (pid: 1931427)
[2026-03-14 16:15:52 +0000] [1931426] [INFO] Worker exiting (pid: 1931426)
[2026-03-14 16:15:52 +0000] [1931425] [INFO] Worker exiting (pid: 1931425)
[2026-03-14 16:15:52 +0000] [1931414] [INFO] Shutting down: Master
[2026-03-14 17:16:54 +0000] [1934803] [INFO] Starting gunicorn 20.1.0
[2026-03-14 17:16:54 +0000] [1934803] [INFO] Listening at: unix:gitanshuimpex.sock (1934803)
[2026-03-14 17:16:54 +0000] [1934803] [INFO] Using worker: gthread
[2026-03-14 17:16:54 +0000] [1934814] [INFO] Booting worker with pid: 1934814
[2026-03-14 17:16:55 +0000] [1934815] [INFO] Booting worker with pid: 1934815
[2026-03-14 17:16:55 +0000] [1934816] [INFO] Booting worker with pid: 1934816
[2026-03-14 17:26:01 +0000] [1934803] [INFO] Handling signal: term
[2026-03-14 17:26:02 +0000] [1934816] [INFO] Worker exiting (pid: 1934816)
[2026-03-14 17:26:02 +0000] [1934815] [INFO] Worker exiting (pid: 1934815)
[2026-03-14 17:26:02 +0000] [1934814] [INFO] Worker exiting (pid: 1934814)
[2026-03-14 17:26:02 +0000] [1934803] [INFO] Shutting down: Master
[2026-03-14 17:26:02 +0000] [1934920] [INFO] Starting gunicorn 20.1.0
[2026-03-14 17:26:02 +0000] [1934920] [INFO] Listening at: unix:gitanshuimpex.sock (1934920)
[2026-03-14 17:26:02 +0000] [1934920] [INFO] Using worker: gthread
[2026-03-14 17:26:02 +0000] [1934932] [INFO] Booting worker with pid: 1934932
[2026-03-14 17:26:02 +0000] [1934933] [INFO] Booting worker with pid: 1934933
[2026-03-14 17:26:03 +0000] [1934934] [INFO] Booting worker with pid: 1934934
[2026-03-14 17:29:51 +0000] [1934920] [INFO] Handling signal: term
[2026-03-14 17:29:51 +0000] [1934933] [INFO] Worker exiting (pid: 1934933)
[2026-03-14 17:29:51 +0000] [1934932] [INFO] Worker exiting (pid: 1934932)
[2026-03-14 17:29:52 +0000] [1934934] [INFO] Worker exiting (pid: 1934934)
[2026-03-14 17:29:52 +0000] [1934920] [INFO] Shutting down: Master
[2026-03-14 17:29:52 +0000] [1934959] [INFO] Starting gunicorn 20.1.0
[2026-03-14 17:29:52 +0000] [1934959] [INFO] Listening at: unix:gitanshuimpex.sock (1934959)
[2026-03-14 17:29:52 +0000] [1934959] [INFO] Using worker: gthread
[2026-03-14 17:29:52 +0000] [1934970] [INFO] Booting worker with pid: 1934970
[2026-03-14 17:29:52 +0000] [1934971] [INFO] Booting worker with pid: 1934971
[2026-03-14 17:29:52 +0000] [1934972] [INFO] Booting worker with pid: 1934972
[2026-03-14 17:53:37 +0000] [1934959] [INFO] Handling signal: term
[2026-03-14 17:53:37 +0000] [1934971] [INFO] Worker exiting (pid: 1934971)
[2026-03-14 17:53:38 +0000] [1934972] [INFO] Worker exiting (pid: 1934972)
[2026-03-14 17:53:38 +0000] [1934970] [INFO] Worker exiting (pid: 1934970)
[2026-03-14 17:53:38 +0000] [1934959] [INFO] Shutting down: Master
[2026-03-14 17:53:39 +0000] [1935228] [INFO] Starting gunicorn 20.1.0
[2026-03-14 17:53:39 +0000] [1935228] [INFO] Listening at: unix:gitanshuimpex.sock (1935228)
[2026-03-14 17:53:39 +0000] [1935228] [INFO] Using worker: gthread
[2026-03-14 17:53:39 +0000] [1935240] [INFO] Booting worker with pid: 1935240
[2026-03-14 17:53:39 +0000] [1935241] [INFO] Booting worker with pid: 1935241
[2026-03-14 17:53:39 +0000] [1935242] [INFO] Booting worker with pid: 1935242
[2026-03-14 18:01:24 +0000] [1935228] [INFO] Handling signal: term
[2026-03-14 18:01:24 +0000] [1935240] [INFO] Worker exiting (pid: 1935240)
[2026-03-14 18:01:25 +0000] [1935241] [INFO] Worker exiting (pid: 1935241)
[2026-03-14 18:01:25 +0000] [1935242] [INFO] Worker exiting (pid: 1935242)
[2026-03-14 18:01:25 +0000] [1935228] [INFO] Shutting down: Master
[2026-03-14 18:01:25 +0000] [1935290] [INFO] Starting gunicorn 20.1.0
[2026-03-14 18:01:25 +0000] [1935290] [INFO] Listening at: unix:gitanshuimpex.sock (1935290)
[2026-03-14 18:01:25 +0000] [1935290] [INFO] Using worker: gthread
[2026-03-14 18:01:25 +0000] [1935302] [INFO] Booting worker with pid: 1935302
[2026-03-14 18:01:25 +0000] [1935303] [INFO] Booting worker with pid: 1935303
[2026-03-14 18:01:25 +0000] [1935304] [INFO] Booting worker with pid: 1935304
[2026-03-14 18:06:38 +0000] [1935290] [INFO] Handling signal: term
[2026-03-14 18:06:38 +0000] [1935302] [INFO] Worker exiting (pid: 1935302)
[2026-03-14 18:06:38 +0000] [1935303] [INFO] Worker exiting (pid: 1935303)
[2026-03-14 18:06:38 +0000] [1935304] [INFO] Worker exiting (pid: 1935304)
[2026-03-14 18:06:38 +0000] [1935290] [INFO] Shutting down: Master
[2026-03-14 18:06:39 +0000] [1935371] [INFO] Starting gunicorn 20.1.0
[2026-03-14 18:06:39 +0000] [1935371] [INFO] Listening at: unix:gitanshuimpex.sock (1935371)
[2026-03-14 18:06:39 +0000] [1935371] [INFO] Using worker: gthread
[2026-03-14 18:06:39 +0000] [1935382] [INFO] Booting worker with pid: 1935382
[2026-03-14 18:06:39 +0000] [1935383] [INFO] Booting worker with pid: 1935383
[2026-03-14 18:06:39 +0000] [1935384] [INFO] Booting worker with pid: 1935384
[2026-03-15 07:00:49 +0000] [1935371] [INFO] Handling signal: term
[2026-03-15 07:00:50 +0000] [1935383] [INFO] Worker exiting (pid: 1935383)
[2026-03-15 07:00:50 +0000] [1935384] [INFO] Worker exiting (pid: 1935384)
[2026-03-15 07:00:50 +0000] [1935382] [INFO] Worker exiting (pid: 1935382)
[2026-03-15 07:00:50 +0000] [1935371] [INFO] Shutting down: Master
[2026-03-15 07:00:51 +0000] [1943389] [INFO] Starting gunicorn 20.1.0
[2026-03-15 07:00:51 +0000] [1943389] [INFO] Listening at: unix:gitanshuimpex.sock (1943389)
[2026-03-15 07:00:51 +0000] [1943389] [INFO] Using worker: gthread
[2026-03-15 07:00:51 +0000] [1943401] [INFO] Booting worker with pid: 1943401
[2026-03-15 07:00:51 +0000] [1943402] [INFO] Booting worker with pid: 1943402
[2026-03-15 07:00:51 +0000] [1943403] [INFO] Booting worker with pid: 1943403
[2026-03-15 07:08:35 +0000] [1943389] [INFO] Handling signal: term
[2026-03-15 07:08:36 +0000] [1943401] [INFO] Worker exiting (pid: 1943401)
[2026-03-15 07:08:36 +0000] [1943402] [INFO] Worker exiting (pid: 1943402)
[2026-03-15 07:08:36 +0000] [1943403] [INFO] Worker exiting (pid: 1943403)
[2026-03-15 07:08:36 +0000] [1943389] [INFO] Shutting down: Master
[2026-03-15 07:08:37 +0000] [1943468] [INFO] Starting gunicorn 20.1.0
[2026-03-15 07:08:37 +0000] [1943468] [INFO] Listening at: unix:gitanshuimpex.sock (1943468)
[2026-03-15 07:08:37 +0000] [1943468] [INFO] Using worker: gthread
[2026-03-15 07:08:37 +0000] [1943479] [INFO] Booting worker with pid: 1943479
[2026-03-15 07:08:37 +0000] [1943480] [INFO] Booting worker with pid: 1943480
[2026-03-15 07:08:37 +0000] [1943481] [INFO] Booting worker with pid: 1943481
[2026-03-15 07:13:23 +0000] [1943468] [INFO] Handling signal: term
[2026-03-15 07:13:23 +0000] [1943480] [INFO] Worker exiting (pid: 1943480)
[2026-03-15 07:13:24 +0000] [1943479] [INFO] Worker exiting (pid: 1943479)
[2026-03-15 07:13:24 +0000] [1943481] [INFO] Worker exiting (pid: 1943481)
[2026-03-15 07:13:24 +0000] [1943468] [INFO] Shutting down: Master
[2026-03-15 07:13:24 +0000] [1943532] [INFO] Starting gunicorn 20.1.0
[2026-03-15 07:13:24 +0000] [1943532] [INFO] Listening at: unix:gitanshuimpex.sock (1943532)
[2026-03-15 07:13:24 +0000] [1943532] [INFO] Using worker: gthread
[2026-03-15 07:13:24 +0000] [1943543] [INFO] Booting worker with pid: 1943543
[2026-03-15 07:13:24 +0000] [1943544] [INFO] Booting worker with pid: 1943544
[2026-03-15 07:13:25 +0000] [1943545] [INFO] Booting worker with pid: 1943545
[2026-03-15 07:46:31 +0000] [1943532] [INFO] Handling signal: term
[2026-03-15 07:46:31 +0000] [1943544] [INFO] Worker exiting (pid: 1943544)
[2026-03-15 07:46:32 +0000] [1943543] [INFO] Worker exiting (pid: 1943543)
[2026-03-15 07:46:32 +0000] [1943545] [INFO] Worker exiting (pid: 1943545)
[2026-03-15 07:46:32 +0000] [1943532] [INFO] Shutting down: Master
[2026-03-15 07:46:32 +0000] [1943829] [INFO] Starting gunicorn 20.1.0
[2026-03-15 07:46:32 +0000] [1943829] [INFO] Listening at: unix:gitanshuimpex.sock (1943829)
[2026-03-15 07:46:32 +0000] [1943829] [INFO] Using worker: gthread
[2026-03-15 07:46:32 +0000] [1943841] [INFO] Booting worker with pid: 1943841
[2026-03-15 07:46:33 +0000] [1943842] [INFO] Booting worker with pid: 1943842
[2026-03-15 07:46:33 +0000] [1943843] [INFO] Booting worker with pid: 1943843
[2026-03-15 07:50:36 +0000] [1943829] [INFO] Handling signal: term
[2026-03-15 07:50:36 +0000] [1943843] [INFO] Worker exiting (pid: 1943843)
[2026-03-15 07:50:36 +0000] [1943842] [INFO] Worker exiting (pid: 1943842)
[2026-03-15 07:50:37 +0000] [1943841] [INFO] Worker exiting (pid: 1943841)
[2026-03-15 07:50:37 +0000] [1943829] [INFO] Shutting down: Master
[2026-03-15 07:50:37 +0000] [1943876] [INFO] Starting gunicorn 20.1.0
[2026-03-15 07:50:37 +0000] [1943876] [INFO] Listening at: unix:gitanshuimpex.sock (1943876)
[2026-03-15 07:50:37 +0000] [1943876] [INFO] Using worker: gthread
[2026-03-15 07:50:37 +0000] [1943887] [INFO] Booting worker with pid: 1943887
[2026-03-15 07:50:37 +0000] [1943888] [INFO] Booting worker with pid: 1943888
[2026-03-15 07:50:37 +0000] [1943889] [INFO] Booting worker with pid: 1943889
[2026-03-15 07:50:38 +0000] [1943876] [INFO] Handling signal: term
[2026-03-15 07:50:39 +0000] [1943887] [INFO] Worker exiting (pid: 1943887)
[2026-03-15 07:50:39 +0000] [1943888] [INFO] Worker exiting (pid: 1943888)
[2026-03-15 07:50:39 +0000] [1943889] [INFO] Worker exiting (pid: 1943889)
[2026-03-15 07:50:39 +0000] [1943876] [INFO] Shutting down: Master
[2026-03-15 07:50:39 +0000] [1943893] [INFO] Starting gunicorn 20.1.0
[2026-03-15 07:50:39 +0000] [1943893] [INFO] Listening at: unix:gitanshuimpex.sock (1943893)
[2026-03-15 07:50:39 +0000] [1943893] [INFO] Using worker: gthread
[2026-03-15 07:50:39 +0000] [1943894] [INFO] Booting worker with pid: 1943894
[2026-03-15 07:50:39 +0000] [1943895] [INFO] Booting worker with pid: 1943895
[2026-03-15 07:50:39 +0000] [1943896] [INFO] Booting worker with pid: 1943896
